
[1m[46m RUN [49m[22m [36mv3.2.4 [39m[90mC:/work/project/frontend[39m

 [32m✓[39m src/components/elements/Input.test.tsx [2m([22m[2m9 tests[22m[2m)[22m[32m 195[2mms[22m[39m

[2m Test Files [22m [1m[32m1 passed[39m[22m[90m (1)[39m
[2m      Tests [22m [1m[32m9 passed[39m[22m[90m (9)[39m
[2m   Start at [22m 22:03:53
[2m   Duration [22m 1.70s[2m (transform 63ms, setup 116ms, collect 156ms, tests 195ms, environment 784ms, prepare 133ms)[22m

